exports[`Backend.Maker.ListItem component renders correctly 1`] = `
<li
  className="">
  <div
    className="checkbox-primary">
    <div
      className="toggle-indicator">
      <i
        className="manicon manicon-check" />
    </div>
  </div>
  <a
    onClick={[Function]}
    style={Object {}}>
    <header>
      <figure
        className="avatar">
        <div
          className="no-image">
          <i
            className="manicon manicon-person" />
        </div>
      </figure>
      <div
        className="meta">
        <h3
          className="name large">
          Rowan
           
          Ida
        </h3>
      </div>
    </header>
    <span
      className="label" />
  </a>
</li>
`;
